c:\users\trist\source\repos\programming_assignment1\programming_assignment1\x64\debug\vc143.pdb
c:\users\trist\source\repos\programming_assignment1\programming_assignment1\x64\debug\vc143.idb
c:\users\trist\source\repos\programming_assignment1\programming_assignment1\x64\debug\csecuritycamera.obj
c:\users\trist\source\repos\programming_assignment1\programming_assignment1\x64\debug\program.obj
c:\users\trist\source\repos\programming_assignment1\programming_assignment1\x64\debug\cdevicefactory.obj
c:\users\trist\source\repos\programming_assignment1\programming_assignment1\x64\debug\cdevice.obj
c:\users\trist\source\repos\programming_assignment1\programming_assignment1\x64\debug\csecuritycamerafactory.obj
c:\users\trist\source\repos\programming_assignment1\programming_assignment1\x64\debug\cairconditioningfactory.obj
c:\users\trist\source\repos\programming_assignment1\programming_assignment1\x64\debug\cairconditioning.obj
c:\users\trist\source\repos\programming_assignment1\x64\debug\programming_assignment1.exe
c:\users\trist\source\repos\programming_assignment1\x64\debug\programming_assignment1.pdb
c:\users\trist\source\repos\programming_assignment1\programming_assignment1\x64\debug\programming_assignment1.ilk
c:\users\trist\source\repos\programming_assignment1\programming_assignment1\x64\debug\programm.2283f564.tlog\cl.command.1.tlog
c:\users\trist\source\repos\programming_assignment1\programming_assignment1\x64\debug\programm.2283f564.tlog\cl.items.tlog
c:\users\trist\source\repos\programming_assignment1\programming_assignment1\x64\debug\programm.2283f564.tlog\cl.read.1.tlog
c:\users\trist\source\repos\programming_assignment1\programming_assignment1\x64\debug\programm.2283f564.tlog\cl.write.1.tlog
c:\users\trist\source\repos\programming_assignment1\programming_assignment1\x64\debug\programm.2283f564.tlog\link.command.1.tlog
c:\users\trist\source\repos\programming_assignment1\programming_assignment1\x64\debug\programm.2283f564.tlog\link.read.1.tlog
c:\users\trist\source\repos\programming_assignment1\programming_assignment1\x64\debug\programm.2283f564.tlog\link.secondary.1.tlog
c:\users\trist\source\repos\programming_assignment1\programming_assignment1\x64\debug\programm.2283f564.tlog\link.write.1.tlog
